exports[`Options 1`] = `"{\"encoding\":\"utf8\",\"throws\":false,\"reviver\":null,\"replacer\":null,\"spaces\":0}"`;
